// Jest Snapshot v1, https://goo.gl/fbAQLP

exports[`renders learn react link 1`] = `
Object {
  "asFragment": [Function],
  "baseElement": <body>
    <div>
      <nav>
        <div
          class="nav-logo"
        >
          <img
            alt="Petlover"
            src="logo.svg"
          />
          <form
            class="search-form"
          >
            <input
              class="search"
              type="text"
            />
            <button
              class="search-button"
              type="submit"
            >
              ðŸ”Ž
            </button>
          </form>
        </div>
        <ul
          class="nav-links"
        >
          <li>
            <a
              aria-current="page"
              class="nav-link nav-link-active "
              href="/"
            >
              All Pets
            </a>
          </li>
        </ul>
      </nav>
      <h2>
        Loading...
      </h2>
    </div>
  </body>,
  "container": <div>
    <nav>
      <div
        class="nav-logo"
      >
        <img
          alt="Petlover"
          src="logo.svg"
        />
        <form
          class="search-form"
        >
          <input
            class="search"
            type="text"
          />
          <button
            class="search-button"
            type="submit"
          >
            ðŸ”Ž
          </button>
        </form>
      </div>
      <ul
        class="nav-links"
      >
        <li>
          <a
            aria-current="page"
            class="nav-link nav-link-active "
            href="/"
          >
            All Pets
          </a>
        </li>
      </ul>
    </nav>
    <h2>
      Loading...
    </h2>
  </div>,
  "debug": [Function],
  "findAllByAltText": [Function],
  "findAllByDisplayValue": [Function],
  "findAllByLabelText": [Function],
  "findAllByPlaceholderText": [Function],
  "findAllByRole": [Function],
  "findAllByTestId": [Function],
  "findAllByText": [Function],
  "findAllByTitle": [Function],
  "findByAltText": [Function],
  "findByDisplayValue": [Function],
  "findByLabelText": [Function],
  "findByPlaceholderText": [Function],
  "findByRole": [Function],
  "findByTestId": [Function],
  "findByText": [Function],
  "findByTitle": [Function],
  "getAllByAltText": [Function],
  "getAllByDisplayValue": [Function],
  "getAllByLabelText": [Function],
  "getAllByPlaceholderText": [Function],
  "getAllByRole": [Function],
  "getAllByTestId": [Function],
  "getAllByText": [Function],
  "getAllByTitle": [Function],
  "getByAltText": [Function],
  "getByDisplayValue": [Function],
  "getByLabelText": [Function],
  "getByPlaceholderText": [Function],
  "getByRole": [Function],
  "getByTestId": [Function],
  "getByText": [Function],
  "getByTitle": [Function],
  "queryAllByAltText": [Function],
  "queryAllByDisplayValue": [Function],
  "queryAllByLabelText": [Function],
  "queryAllByPlaceholderText": [Function],
  "queryAllByRole": [Function],
  "queryAllByTestId": [Function],
  "queryAllByText": [Function],
  "queryAllByTitle": [Function],
  "queryByAltText": [Function],
  "queryByDisplayValue": [Function],
  "queryByLabelText": [Function],
  "queryByPlaceholderText": [Function],
  "queryByRole": [Function],
  "queryByTestId": [Function],
  "queryByText": [Function],
  "queryByTitle": [Function],
  "rerender": [Function],
  "unmount": [Function],
}
`;
